mode: set
github.com/echocat/golang-kata-1/library.go:37.28,43.2 1 1
github.com/echocat/golang-kata-1/library.go:45.54,47.16 2 0
github.com/echocat/golang-kata-1/library.go:47.16,49.3 1 0
github.com/echocat/golang-kata-1/library.go:50.2,56.16 5 0
github.com/echocat/golang-kata-1/library.go:56.16,58.3 1 0
github.com/echocat/golang-kata-1/library.go:60.2,60.33 1 0
github.com/echocat/golang-kata-1/library.go:60.33,61.13 1 0
github.com/echocat/golang-kata-1/library.go:61.13,62.12 1 0
github.com/echocat/golang-kata-1/library.go:64.3,64.22 1 0
github.com/echocat/golang-kata-1/library.go:64.22,65.12 1 0
github.com/echocat/golang-kata-1/library.go:68.3,73.35 2 0
github.com/echocat/golang-kata-1/library.go:76.2,76.12 1 0
github.com/echocat/golang-kata-1/library.go:79.52,81.16 2 0
github.com/echocat/golang-kata-1/library.go:81.16,83.3 1 0
github.com/echocat/golang-kata-1/library.go:84.2,90.16 5 0
github.com/echocat/golang-kata-1/library.go:90.16,92.3 1 0
github.com/echocat/golang-kata-1/library.go:94.2,94.33 1 0
github.com/echocat/golang-kata-1/library.go:94.33,95.13 1 0
github.com/echocat/golang-kata-1/library.go:95.13,96.12 1 0
github.com/echocat/golang-kata-1/library.go:98.3,98.22 1 0
github.com/echocat/golang-kata-1/library.go:98.22,99.12 1 0
github.com/echocat/golang-kata-1/library.go:102.3,104.38 3 0
github.com/echocat/golang-kata-1/library.go:104.38,106.50 2 0
github.com/echocat/golang-kata-1/library.go:106.50,108.5 1 0
github.com/echocat/golang-kata-1/library.go:111.3,117.34 2 0
github.com/echocat/golang-kata-1/library.go:120.2,120.12 1 0
github.com/echocat/golang-kata-1/library.go:123.56,125.16 2 0
github.com/echocat/golang-kata-1/library.go:125.16,127.3 1 0
github.com/echocat/golang-kata-1/library.go:128.2,134.16 5 0
github.com/echocat/golang-kata-1/library.go:134.16,136.3 1 0
github.com/echocat/golang-kata-1/library.go:138.2,138.33 1 0
github.com/echocat/golang-kata-1/library.go:138.33,139.13 1 0
github.com/echocat/golang-kata-1/library.go:139.13,140.12 1 0
github.com/echocat/golang-kata-1/library.go:142.3,142.22 1 0
github.com/echocat/golang-kata-1/library.go:142.22,143.12 1 0
github.com/echocat/golang-kata-1/library.go:146.3,148.38 3 0
github.com/echocat/golang-kata-1/library.go:148.38,150.50 2 0
github.com/echocat/golang-kata-1/library.go:150.50,152.5 1 0
github.com/echocat/golang-kata-1/library.go:155.3,161.46 2 0
github.com/echocat/golang-kata-1/library.go:164.2,164.12 1 0
github.com/echocat/golang-kata-1/library.go:167.32,168.63 1 0
github.com/echocat/golang-kata-1/library.go:168.63,170.3 1 0
github.com/echocat/golang-kata-1/library.go:172.2,172.59 1 0
github.com/echocat/golang-kata-1/library.go:172.59,174.3 1 0
github.com/echocat/golang-kata-1/library.go:176.2,176.67 1 0
github.com/echocat/golang-kata-1/library.go:176.67,178.3 1 0
github.com/echocat/golang-kata-1/library.go:180.2,180.12 1 0
github.com/echocat/golang-kata-1/library.go:183.57,185.31 2 1
github.com/echocat/golang-kata-1/library.go:185.31,186.74 1 1
github.com/echocat/golang-kata-1/library.go:186.74,188.4 1 1
github.com/echocat/golang-kata-1/library.go:190.2,190.16 1 1
github.com/echocat/golang-kata-1/library.go:193.65,195.39 2 1
github.com/echocat/golang-kata-1/library.go:195.39,196.78 1 1
github.com/echocat/golang-kata-1/library.go:196.78,198.4 1 1
github.com/echocat/golang-kata-1/library.go:200.2,200.16 1 1
github.com/echocat/golang-kata-1/library.go:203.65,206.31 3 1
github.com/echocat/golang-kata-1/library.go:206.31,207.39 1 1
github.com/echocat/golang-kata-1/library.go:207.39,208.46 1 1
github.com/echocat/golang-kata-1/library.go:208.46,210.10 2 1
github.com/echocat/golang-kata-1/library.go:214.2,214.16 1 1
github.com/echocat/golang-kata-1/library.go:217.73,220.39 3 1
github.com/echocat/golang-kata-1/library.go:220.39,221.43 1 1
github.com/echocat/golang-kata-1/library.go:221.43,222.46 1 1
github.com/echocat/golang-kata-1/library.go:222.46,224.10 2 1
github.com/echocat/golang-kata-1/library.go:228.2,228.16 1 1
github.com/echocat/golang-kata-1/library.go:241.53,245.31 2 1
github.com/echocat/golang-kata-1/library.go:245.31,253.3 1 1
github.com/echocat/golang-kata-1/library.go:256.2,256.39 1 1
github.com/echocat/golang-kata-1/library.go:256.39,264.3 1 1
github.com/echocat/golang-kata-1/library.go:267.2,267.40 1 1
github.com/echocat/golang-kata-1/library.go:267.40,269.3 1 1
github.com/echocat/golang-kata-1/library.go:271.2,271.14 1 1
github.com/echocat/golang-kata-1/library.go:274.63,278.31 2 1
github.com/echocat/golang-kata-1/library.go:278.31,286.3 1 1
github.com/echocat/golang-kata-1/library.go:289.2,289.39 1 1
github.com/echocat/golang-kata-1/library.go:289.39,297.3 1 1
github.com/echocat/golang-kata-1/library.go:300.2,300.40 1 1
github.com/echocat/golang-kata-1/library.go:300.40,302.3 1 1
github.com/echocat/golang-kata-1/library.go:304.2,304.14 1 1
github.com/echocat/golang-kata-1/main.go:12.13,15.16 3 0
github.com/echocat/golang-kata-1/main.go:15.16,17.3 1 0
github.com/echocat/golang-kata-1/main.go:19.2,30.58 11 0
github.com/echocat/golang-kata-1/main.go:30.58,32.3 1 0
github.com/echocat/golang-kata-1/main.go:35.30,37.2 1 1
github.com/echocat/golang-kata-1/main.go:39.39,41.35 2 0
github.com/echocat/golang-kata-1/main.go:41.35,43.3 1 0
github.com/echocat/golang-kata-1/main.go:44.2,44.17 1 0
github.com/echocat/golang-kata-1/main.go:47.57,50.2 2 1
github.com/echocat/golang-kata-1/main.go:52.58,55.2 2 1
github.com/echocat/golang-kata-1/main.go:57.62,60.2 2 1
github.com/echocat/golang-kata-1/main.go:62.60,69.2 3 1
github.com/echocat/golang-kata-1/main.go:71.64,73.16 2 1
github.com/echocat/golang-kata-1/main.go:73.16,77.3 3 1
github.com/echocat/golang-kata-1/main.go:79.2,81.36 3 1
github.com/echocat/golang-kata-1/main.go:84.68,86.16 2 1
github.com/echocat/golang-kata-1/main.go:86.16,90.3 3 0
github.com/echocat/golang-kata-1/main.go:92.2,94.36 3 1
github.com/echocat/golang-kata-1/main.go:97.72,99.17 2 1
github.com/echocat/golang-kata-1/main.go:99.17,103.3 3 0
github.com/echocat/golang-kata-1/main.go:105.2,107.36 3 1
github.com/echocat/golang-kata-1/main.go:110.76,112.17 2 1
github.com/echocat/golang-kata-1/main.go:112.17,116.3 3 0
github.com/echocat/golang-kata-1/main.go:118.2,120.36 3 1
github.com/echocat/golang-kata-1/main.go:123.64,128.25 4 1
github.com/echocat/golang-kata-1/main.go:128.25,130.3 1 1
github.com/echocat/golang-kata-1/main.go:130.8,132.3 1 1
github.com/echocat/golang-kata-1/main.go:134.2,134.34 1 1
github.com/echocat/golang-kata-1/main.go:137.30,872.2 1 1
